Microsoft Windows [Version 10.0.19045.3448]
(c) Microsoft Corporation. All rights reserved.

C:\Users\Shubhadip>git config --global user.name"Shubhadip Paul"
error: invalid key: user.nameShubhadip Paul

C:\Users\Shubhadip>git config --global user.name"Shubhadippaul"

C:\Users\Shubhadip>git config --global user.email"shubhadippaul432@gmail.com"

C:\Users\Shubhadip>git config --global color.ui auto

C:\Users\Shubhadip>pwd
'pwd' is not recognized as an internal or external command,
operable program or batch file.

C:\Users\Shubhadip>cd
C:\Users\Shubhadip

C:\Users\Shubhadip>cd desktop

C:\Users\Shubhadip\Desktop>cd dot_dummy_repo
The system cannot find the path specified.

C:\Users\Shubhadip\Desktop>cd dot_dummy_repo
The system cannot find the path specified.

C:\Users\Shubhadip\Desktop>mkdir dot_dummy_repo

C:\Users\Shubhadip\Desktop>cd dot_dummy_repo

C:\Users\Shubhadip\Desktop\dot_dummy_repo>git status
warning: could not open directory 'Application Data/': Permission denied
warning: could not open directory 'Cookies/': Permission denied
warning: could not open directory 'Documents/My Music/': Permission denied
warning: could not open directory 'Documents/My Pictures/': Permission denied
warning: could not open directory 'Documents/My Videos/': Permission denied
warning: could not open directory 'Local Settings/': Permission denied
warning: could not open directory 'My Documents/': Permission denied
warning: could not open directory 'NetHood/': Permission denied
warning: could not open directory 'PrintHood/': Permission denied
warning: could not open directory 'Recent/': Permission denied
warning: could not open directory 'SendTo/': Permission denied
warning: could not open directory 'Start Menu/': Permission denied
warning: could not open directory 'Templates/': Permission denied
On branch master

No commits yet

Untracked files:
  (use "git add <file>..." to include in what will be committed)
        ../../.cache/
        ../../.eclipse/
        ../../.gitconfig
        ../../.lesshst
        ../../.m2/
        ../../.nbi/
        ../../.p2/
        ../../.vscode/
        ../../3D Objects/
        ../../AppData/
        ../../Contacts/
        ../
        ../../Downloads/
        ../../Favorites/
        ../../IdeaProjects/
        ../../IntelGraphicsProfiles/
        ../../Links/
        ../../Music/
        ../../NTUSER.DAT
        ../../NTUSER.DAT{53b39e88-18c4-11ea-a811-000d3aa4692b}.TM.blf
        ../../NTUSER.DAT{53b39e88-18c4-11ea-a811-000d3aa4692b}.TMContainer00000000000000000001.regtrans-ms
        ../../NTUSER.DAT{53b39e88-18c4-11ea-a811-000d3aa4692b}.TMContainer00000000000000000002.regtrans-ms
        ../../New/
        ../../OneDrive/
        ../../Saved Games/
        ../../Searches/
        ../../Videos/
        ../../eclipse-workspace/
        ../../eclipse/
        ../../newJavaFile.java
        ../../ntuser.dat.LOG1
        ../../ntuser.dat.LOG2
        ../../ntuser.ini

nothing added to commit but untracked files present (use "git add" to track)

C:\Users\Shubhadip\Desktop\dot_dummy_repo>git init
Initialized empty Git repository in C:/Users/Shubhadip/Desktop/dot_dummy_repo/.git/

C:\Users\Shubhadip\Desktop\dot_dummy_repo>ls
'ls' is not recognized as an internal or external command,
operable program or batch file.

C:\Users\Shubhadip\Desktop\dot_dummy_repo>git init
Reinitialized existing Git repository in C:/Users/Shubhadip/Desktop/dot_dummy_repo/.git/

C:\Users\Shubhadip\Desktop\dot_dummy_repo>git status
On branch master

No commits yet

nothing to commit (create/copy files and use "git add" to track)

C:\Users\Shubhadip\Desktop\dot_dummy_repo>git status
On branch master

No commits yet

Untracked files:
  (use "git add <file>..." to include in what will be committed)
        test.txt

nothing added to commit but untracked files present (use "git add" to track)

C:\Users\Shubhadip\Desktop\dot_dummy_repo>cd ..

C:\Users\Shubhadip\Desktop>git clone https://github.com/AYIDouble/HTML-Crypto-Currency-Chart-Snippets.git Stock Buy_Sale
fatal: Too many arguments.

usage: git clone [<options>] [--] <repo> [<dir>]

    -v, --verbose         be more verbose
    -q, --quiet           be more quiet
    --progress            force progress reporting
    --reject-shallow      don't clone shallow repository
    -n, --no-checkout     don't create a checkout
    --bare                create a bare repository
    --mirror              create a mirror repository (implies bare)
    -l, --local           to clone from a local repository
    --no-hardlinks        don't use local hardlinks, always copy
    -s, --shared          setup as shared repository
    --recurse-submodules[=<pathspec>]
                          initialize submodules in the clone
    --recursive ...       alias of --recurse-submodules
    -j, --jobs <n>        number of submodules cloned in parallel
    --template <template-directory>
                          directory from which templates will be used
    --reference <repo>    reference repository
    --reference-if-able <repo>
                          reference repository
    --dissociate          use --reference only while cloning
    -o, --origin <name>   use <name> instead of 'origin' to track upstream
    -b, --branch <branch>
                          checkout <branch> instead of the remote's HEAD
    -u, --upload-pack <path>
                          path to git-upload-pack on the remote
    --depth <depth>       create a shallow clone of that depth
    --shallow-since <time>
                          create a shallow clone since a specific time
    --shallow-exclude <revision>
                          deepen history of shallow clone, excluding rev
    --single-branch       clone only one branch, HEAD or --branch
    --no-tags             don't clone any tags, and make later fetches not to follow them
    --shallow-submodules  any cloned submodules will be shallow
    --separate-git-dir <gitdir>
                          separate git dir from working tree
    -c, --config <key=value>
                          set config inside the new repository
    --server-option <server-specific>
                          option to transmit
    -4, --ipv4            use IPv4 addresses only
    -6, --ipv6            use IPv6 addresses only
    --filter <args>       object filtering
    --remote-submodules   any cloned submodules will use their remote-tracking branch
    --sparse              initialize sparse-checkout file to include only files at root


C:\Users\Shubhadip\Desktop>git clone https://github.com/AYIDouble/HTML-Crypto-Currency-Chart-Snippets.git crypto
Cloning into 'crypto'...
remote: Enumerating objects: 181, done.
remote: Counting objects: 100% (20/20), done.
remote: Compressing objects: 100% (19/19), done.
remote: Total 181 (delta 9), reused 5 (delta 1), pack-reused 161
Receiving objects: 100% (181/181), 496.72 KiB | 976.00 KiB/s, done.
Resolving deltas: 100% (84/84), done.

C:\Users\Shubhadip\Desktop>cd crypto

C:\Users\Shubhadip\Desktop\crypto>git status
On branch master
Your branch is up to date with 'origin/master'.

nothing to commit, working tree clean

C:\Users\Shubhadip\Desktop\crypto>git status
On branch master
Your branch is up to date with 'origin/master'.

Changes not staged for commit:
  (use "git add <file>..." to update what will be committed)
  (use "git restore <file>..." to discard changes in working directory)
        modified:   README.md

no changes added to commit (use "git add" and/or "git commit -a")

C:\Users\Shubhadip\Desktop\crypto>git diff
diff --git a/README.md b/README.md
index b2b2abc..8ce813c 100644
--- a/README.md
+++ b/README.md
@@ -6,6 +6,10 @@
 ![Crypto Currency Chart Cryptocurrencies Candle Candlestick with indicators TradingView API RSI Stoch](Images/Chart.png)

 ```
+
+//Shubhadip Paul now compleately div dive into full stack development
+
+
 <div class="tradingview-widget-container">
   <div id="tradingview_74048"></div>
   <div class="tradingview-widget-copyright"><a href="https://www.tradingview.com/symbols/BITFINEX-IOTUSD/" rel="noopener" target="_blank"><span class="blue-text">IOTUSD Chart</span></a> by TradingView</div>

C:\Users\Shubhadip\Desktop\crypto>
-----------------------------------------------------------------------------DAY == 1----------------------------------------------------------------------------------------------------------------------------
================================================================================================================================================================================================================
